[
  {
    "name": "Backstage passes to a TAFKAL80ETC concert",
    "quality": 2,
    "sellIn": 5
  }
]
