[
  {
    "name": "any other",
    "quality": 48,
    "sellIn": 10
  }
]
