[
  {
    "name": "Backstage passes to a TAFKAL80ETC concert",
    "quality": 0,
    "sellIn": -1
  }
]
