[
  {
    "name": "Aged Brie",
    "quality": 3,
    "sellIn": -1
  }
]
