[
  {
    "name": "Sulfuras, Hand of Ragnaros",
    "quality": 49,
    "sellIn": 11
  }
]
