[
  {
    "name": "any other",
    "quality": 47,
    "sellIn": -2
  }
]
