[
  {
    "name": "any other",
    "quality": 0,
    "sellIn": 5
  }
]
