[
  {
    "name": "Backstage passes to a TAFKAL80ETC concert",
    "quality": 1,
    "sellIn": 10
  }
]
