[
  {
    "name": "Backstage passes to a TAFKAL80ETC concert",
    "quality": 3,
    "sellIn": 1
  }
]
