[
  {
    "name": "any other",
    "quality": 49,
    "sellIn": 5
  }
]
