[
  {
    "name": "Sulfuras, Hand of Ragnaros",
    "quality": 1,
    "sellIn": 0
  }
]
