[
  {
    "name": "Aged Brie",
    "quality": 50,
    "sellIn": 5
  }
]
