[
  {
    "name": "Sulfuras, Hand of Ragnaros",
    "quality": 50,
    "sellIn": -1
  }
]
