[
  {
    "name": "Aged Brie",
    "quality": 2,
    "sellIn": 10
  }
]
