[
  {
    "name": "Backstage passes to a TAFKAL80ETC concert",
    "quality": 4,
    "sellIn": 1
  }
]
